ModelListener.hpp:19:15:virtual void ModelListener::sensorEvent(Model::SensorConnectionStates)	0	static
ModelListener.hpp:20:15:virtual void ModelListener::setTemperature(int32_t)	0	static
ModelListener.hpp:21:15:virtual void ModelListener::setHumidity(int32_t)	0	static
StartupScreenPresenter.hpp:28:13:StartupScreenPresenter::~StartupScreenPresenter()	0	static
StartupScreenPresenter.cpp:10:6:virtual void StartupScreenPresenter::activate()	0	static
StartupScreenPresenter.hpp:28:13:virtual StartupScreenPresenter::~StartupScreenPresenter()	8	static
StartupScreenPresenter.hpp:28:13:virtual void* StartupScreenPresenter::_ZThn4_N22StartupScreenPresenterD1Ev()	0	static
StartupScreenPresenter.cpp:4:1:StartupScreenPresenter::StartupScreenPresenter(StartupScreenView&)	8	static
