TypedTextDatabase.cpp:124:43:const touchgfx::TypedText::TypedTextData* TypedTextDatabase::getInstance(touchgfx::LanguageId)	0	static
TypedTextDatabase.cpp:129:10:uint16_t TypedTextDatabase::getInstanceSize()	0	static
TypedTextDatabase.cpp:134:24:const touchgfx::Font** TypedTextDatabase::getFonts()	0	static
TypedTextDatabase.cpp:139:23:const touchgfx::Font* TypedTextDatabase::setFont(touchgfx::FontId, const touchgfx::Font*)	0	static
TypedTextDatabase.cpp:146:6:void TypedTextDatabase::resetFont(touchgfx::FontId)	8	static
TypedTextDatabase.cpp:176:1:cpp)	8	static
