ModelListener.hpp:23:15:virtual void ModelListener::Wellcome_User_ID_Received(char*)	0	static
ModelListener.hpp:29:15:virtual void ModelListener::Start_User_ID_Received(char*)	0	static
ModelListener.hpp:33:15:virtual void ModelListener::Start_Status_LOGIN_OUT_Received(bool)	0	static
ModelListener.hpp:35:15:virtual void ModelListener::Start_wifi_Signal_Changed(uint8_t)	0	static
ModelListener.hpp:37:15:virtual void ModelListener::Start_Bluetooth_Status_Changed(bool)	0	static
CrashPresenter.hpp:28:13:CrashPresenter::~CrashPresenter()	0	static
CrashPresenter.cpp:10:6:virtual void CrashPresenter::activate()	0	static
CrashPresenter.hpp:28:13:virtual CrashPresenter::~CrashPresenter()	8	static
CrashPresenter.hpp:28:13:virtual void* CrashPresenter::_ZThn4_N14CrashPresenterD1Ev()	0	static
CrashPresenter.cpp:4:1:CrashPresenter::CrashPresenter(CrashView&)	8	static
