ModelListener.hpp:19:15:virtual void ModelListener::Wellcome_ChangeWindow_Received(uint8_t)	0	static
ModelListener.hpp:20:15:virtual void ModelListener::Wellcome_Change_Language_Received(uint8_t)	0	static
ModelListener.hpp:26:15:virtual void ModelListener::Start_User_ID_Received(uint8_t*)	0	static
ModelListener.hpp:27:15:virtual void ModelListener::Start_Status_LOGIN_Received()	0	static
ModelListener.hpp:28:15:virtual void ModelListener::Start_Status_LOGOUT_Received()	0	static
ModelListener.hpp:29:15:virtual void ModelListener::Start_Change_Language_Received(uint8_t)	0	static
CrashPresenter.hpp:28:13:CrashPresenter::~CrashPresenter()	0	static
CrashPresenter.cpp:10:6:virtual void CrashPresenter::activate()	0	static
CrashPresenter.hpp:28:13:virtual CrashPresenter::~CrashPresenter()	8	static
CrashPresenter.hpp:28:13:virtual void* CrashPresenter::_ZThn4_N14CrashPresenterD1Ev()	0	static
CrashPresenter.cpp:4:1:CrashPresenter::CrashPresenter(CrashView&)	8	static
