Drawable.hpp:121:18:virtual void touchgfx::Drawable::invalidateContent() const	0	static
Drawable.hpp:147:23:virtual touchgfx::Drawable* touchgfx::Drawable::getFirstChild()	0	static
Drawable.hpp:315:18:virtual void touchgfx::Drawable::setX(int16_t)	0	static
Drawable.hpp:327:18:virtual void touchgfx::Drawable::setY(int16_t)	0	static
Drawable.hpp:356:18:virtual void touchgfx::Drawable::setWidth(int16_t)	0	static
Drawable.hpp:368:18:virtual void touchgfx::Drawable::setHeight(int16_t)	0	static
Drawable.hpp:378:18:virtual void touchgfx::Drawable::childGeometryChanged()	0	static
Drawable.hpp:389:18:virtual void touchgfx::Drawable::handleClickEvent(const touchgfx::ClickEvent&)	0	static
Drawable.hpp:401:18:virtual void touchgfx::Drawable::handleGestureEvent(const touchgfx::GestureEvent&)	0	static
Drawable.hpp:490:18:virtual void touchgfx::Drawable::handleDragEvent(const touchgfx::DragEvent&)	0	static
Drawable.hpp:501:18:virtual void touchgfx::Drawable::handleTickEvent()	0	static
Drawable.hpp:588:18:virtual void touchgfx::Drawable::moveTo(int16_t, int16_t)	4	static
Drawable.hpp:703:18:virtual void touchgfx::Drawable::setupDrawChain(const touchgfx::Rect&, touchgfx::Drawable**)	0	static
Screen.hpp:93:18:virtual void touchgfx::Screen::setupScreen()	0	static
Screen.hpp:104:18:virtual void touchgfx::Screen::afterTransition()	0	static
Screen.hpp:115:18:virtual void touchgfx::Screen::tearDownScreen()	0	static
Screen.hpp:144:18:virtual void touchgfx::Screen::handleTickEvent()	0	static
Screen.hpp:154:18:virtual void touchgfx::Screen::handleKeyEvent(uint8_t)	0	static
Widget.hpp:45:18:virtual void touchgfx::Widget::getLastChild(int16_t, int16_t, touchgfx::Drawable**)	0	static
Image.hpp:118:18:virtual void touchgfx::Image::invalidateContent() const	8	static
View.hpp:36:7:touchgfx::View<StartupScreenPresenter>::~View()	0	static
StartupScreenViewBase.cpp:26:1:StartupScreenViewBase::~StartupScreenViewBase()	0	static
StartupScreenViewBase.cpp:31:6:virtual void StartupScreenViewBase::setupScreen()	0	static
Callback.hpp:357:8:touchgfx::Callback<StartupScreenViewBase, const touchgfx::FadeAnimator<touchgfx::ScalableImage>&>::~Callback()	0	static
FadeAnimator.hpp:41:7:touchgfx::FadeAnimator<touchgfx::ScalableImage>::~FadeAnimator()	0	static
Callback.hpp:386:18:void touchgfx::Callback<dest_type, T1, void, void>::execute(T1) [with dest_type = StartupScreenViewBase; T1 = const touchgfx::FadeAnimator<touchgfx::ScalableImage>&]	8	static
Callback.hpp:396:18:bool touchgfx::Callback<dest_type, T1, void, void>::isValid() const [with dest_type = StartupScreenViewBase; T1 = const touchgfx::FadeAnimator<touchgfx::ScalableImage>&]	0	static
FadeAnimator.hpp:84:18:void touchgfx::FadeAnimator<T>::setFadeAnimationDelay(uint16_t) [with T = touchgfx::ScalableImage]	0	static
FadeAnimator.hpp:96:22:uint16_t touchgfx::FadeAnimator<T>::getFadeAnimationDelay() const [with T = touchgfx::ScalableImage]	0	static
View.hpp:36:7:virtual touchgfx::View<StartupScreenPresenter>::~View()	8	static
FadeAnimator.hpp:41:7:virtual touchgfx::FadeAnimator<touchgfx::ScalableImage>::~FadeAnimator()	8	static
Callback.hpp:357:8:virtual touchgfx::Callback<StartupScreenViewBase, const touchgfx::FadeAnimator<touchgfx::ScalableImage>&>::~Callback()	8	static
StartupScreenViewBase.cpp:26:1:virtual StartupScreenViewBase::~StartupScreenViewBase()	8	static
StartupScreenViewBase.cpp:46:6:void StartupScreenViewBase::fadeLogoInEndedCallbackHandler(const touchgfx::FadeAnimator<touchgfx::ScalableImage>&)	8	static
FadeAnimator.hpp:157:18:void touchgfx::FadeAnimator<T>::handleTickEvent() [with T = touchgfx::ScalableImage]	16	static
StartupScreenViewBase.cpp:36:6:virtual void StartupScreenViewBase::afterTransition()	8	static
Drawable.hpp:343:10:void touchgfx::Drawable::setXY(int16_t, int16_t)	16	static
Drawable.hpp:413:10:void touchgfx::Drawable::setWidthHeight(int16_t, int16_t)	16	static
Box.hpp:33:5:touchgfx::Box::Box()	0	static
StartupScreenViewBase.cpp:8:1:StartupScreenViewBase::StartupScreenViewBase()	40	static
