ModelListener.hpp:23:15:virtual void ModelListener::Wellcome_User_ID_Received(char*)	0	static
ModelListener.hpp:29:15:virtual void ModelListener::Start_User_ID_Received(char*)	0	static
ModelListener.hpp:33:15:virtual void ModelListener::Start_Status_LOGIN_OUT_Received(bool)	0	static
ModelListener.hpp:35:15:virtual void ModelListener::Start_wifi_Signal_Changed(uint8_t)	0	static
ModelListener.hpp:37:15:virtual void ModelListener::Start_Bluetooth_Status_Changed(bool)	0	static
VehicleCheckPresenter.hpp:28:13:VehicleCheckPresenter::~VehicleCheckPresenter()	0	static
VehicleCheckPresenter.cpp:9:6:virtual void VehicleCheckPresenter::activate()	0	static
VehicleCheckPresenter.hpp:28:13:virtual VehicleCheckPresenter::~VehicleCheckPresenter()	8	static
VehicleCheckPresenter.cpp:18:6:virtual void VehicleCheckPresenter::btn_Good_Clicked(CANBUS_TX_ID)	0	static
VehicleCheckPresenter.cpp:28:6:virtual void VehicleCheckPresenter::SW_LED_green_ON_Clicked()	0	static
VehicleCheckPresenter.cpp:31:6:virtual void VehicleCheckPresenter::SW_LED_orange_ON_Clicked()	0	static
VehicleCheckPresenter.cpp:34:6:virtual void VehicleCheckPresenter::SW_LED_red_ON_Clicked()	0	static
VehicleCheckPresenter.hpp:28:13:virtual void* VehicleCheckPresenter::_ZThn4_N21VehicleCheckPresenterD1Ev()	0	static
VehicleCheckPresenter.cpp:4:1:VehicleCheckPresenter::VehicleCheckPresenter(VehicleCheckView&)	8	static
