Screen.hpp:104:18:virtual void touchgfx::Screen::afterTransition()	0	static
Screen.hpp:144:18:virtual void touchgfx::Screen::handleTickEvent()	0	static
Screen.hpp:154:18:virtual void touchgfx::Screen::handleKeyEvent(uint8_t)	0	static
VehicleCheckView.cpp:15:6:virtual void VehicleCheckView::tearDownScreen()	0	static
VehicleCheckView.cpp:24:6:virtual void VehicleCheckView::btn_Good_Clicked()	0	static
VehicleCheckView.cpp:29:6:virtual void VehicleCheckView::btn_Ok_Clicked()	0	static
VehicleCheckView.cpp:32:6:virtual void VehicleCheckView::btn_Bad_Clicked()	0	static
VehicleCheckView.hpp:12:10:VehicleCheckView::~VehicleCheckView()	8	static
VehicleCheckView.hpp:12:10:virtual VehicleCheckView::~VehicleCheckView()	8	static
VehicleCheckView.cpp:4:1:VehicleCheckView::VehicleCheckView()	8	static
VehicleCheckView.cpp:8:6:virtual void VehicleCheckView::setupScreen()	0	static
VehicleCheckView.cpp:36:6:virtual void VehicleCheckView::btn_Next_Clicked()	8	static
VehicleCheckView.cpp:57:6:virtual void VehicleCheckView::btn_Pre_Clicked()	8	static
VehicleCheckView.cpp:64:6:virtual void VehicleCheckView::changeLanguage()	8	static
