ModelListener.hpp:20:15:virtual void ModelListener::Login_User_ID_Changed(char*)	0	static
ModelListener.hpp:22:15:virtual void ModelListener::Login_LogIn_Time_Changed(int, int, int)	0	static
ModelListener.hpp:24:15:virtual void ModelListener::Login_Status_LOGIN_OUT_Changed(bool)	0	static
ModelListener.hpp:29:15:virtual void ModelListener::Wellcome_LogIn_Time_Changed(int, int, int)	0	static
ModelListener.hpp:31:15:virtual void ModelListener::Wellcome_Status_LOGIN_OUT_Changed(bool)	0	static
ModelListener.hpp:39:15:virtual void ModelListener::Vehicle_Status_LOGIN_OUT_Changed(bool)	0	static
ModelListener.hpp:45:15:virtual void ModelListener::Start_User_ID_Changed(char*)	0	static
ModelListener.hpp:47:15:virtual void ModelListener::Start_Status_LOGIN_OUT_Changed(bool)	0	static
ModelListener.hpp:49:15:virtual void ModelListener::Start_wifi_Signal_Changed(uint8_t)	0	static
ModelListener.hpp:51:15:virtual void ModelListener::Start_Bluetooth_Status_Changed(bool)	0	static
ModelListener.hpp:53:15:virtual void ModelListener::Start_LogIn_Time_Changed(int, int, int)	0	static
ModelListener.hpp:59:15:virtual void ModelListener::Status_Status_LOGIN_OUT_Changed(bool)	0	static
VehicleCheckPresenter.hpp:27:10:VehicleCheckPresenter::~VehicleCheckPresenter()	0	static
VehicleCheckPresenter.cpp:9:6:virtual void VehicleCheckPresenter::activate()	0	static
VehicleCheckPresenter.cpp:15:6:virtual void VehicleCheckPresenter::deactivate()	0	static
VehicleCheckPresenter.cpp:40:6:virtual void VehicleCheckPresenter::Vehicle_Status_LOGIN_OUT_Received(bool)	0	static
VehicleCheckPresenter.cpp:43:7:virtual void VehicleCheckPresenter::Vehicle_LogIn_Time_Changed(int, int, int)	4	static
VehicleCheckPresenter.hpp:27:10:virtual VehicleCheckPresenter::~VehicleCheckPresenter()	8	static
VehicleCheckPresenter.cpp:20:6:virtual void VehicleCheckPresenter::btn_Good_Clicked(CANBUS_TX_ID)	0	static
VehicleCheckPresenter.cpp:30:6:virtual void VehicleCheckPresenter::SW_LED_green_ON_Clicked()	0	static
VehicleCheckPresenter.cpp:33:6:virtual void VehicleCheckPresenter::SW_LED_orange_ON_Clicked()	0	static
VehicleCheckPresenter.cpp:36:6:virtual void VehicleCheckPresenter::SW_LED_red_ON_Clicked()	0	static
VehicleCheckPresenter.hpp:27:10:virtual void* VehicleCheckPresenter::_ZThn4_N21VehicleCheckPresenterD1Ev()	0	static
VehicleCheckPresenter.cpp:4:1:VehicleCheckPresenter::VehicleCheckPresenter(VehicleCheckView&)	8	static
