../../Middlewares/ST/touchgfx/framework/include/touchgfx/Screen.hpp:104:18:virtual void touchgfx::Screen::afterTransition()	0	static
../../Middlewares/ST/touchgfx/framework/include/touchgfx/Screen.hpp:144:18:virtual void touchgfx::Screen::handleTickEvent()	0	static
../../Middlewares/ST/touchgfx/framework/include/touchgfx/Screen.hpp:154:18:virtual void touchgfx::Screen::handleKeyEvent(uint8_t)	0	static
../../TouchGFX/generated/gui_generated/include/gui_generated/crash_screen/CrashViewBase.hpp:25:18:virtual void CrashViewBase::action1()	0	static
C:/Users/Julian/git/MEK_Pro/MEK_PRO_2025/TouchGFX/gui/src/crash_screen/CrashView.cpp:13:6:virtual void CrashView::tearDownScreen()	0	static
../../TouchGFX/gui/include/gui/crash_screen/CrashView.hpp:11:13:CrashView::~CrashView()	8	static
../../TouchGFX/gui/include/gui/crash_screen/CrashView.hpp:11:13:virtual CrashView::~CrashView()	8	static
C:/Users/Julian/git/MEK_Pro/MEK_PRO_2025/TouchGFX/gui/src/crash_screen/CrashView.cpp:3:1:CrashView::CrashView()	8	static
C:/Users/Julian/git/MEK_Pro/MEK_PRO_2025/TouchGFX/gui/src/crash_screen/CrashView.cpp:8:6:virtual void CrashView::setupScreen()	0	static
