../../Middlewares/ST/touchgfx/framework/include/touchgfx/Screen.hpp:104:18:virtual void touchgfx::Screen::afterTransition()	0	static
../../Middlewares/ST/touchgfx/framework/include/touchgfx/Screen.hpp:144:18:virtual void touchgfx::Screen::handleTickEvent()	0	static
../../Middlewares/ST/touchgfx/framework/include/touchgfx/Screen.hpp:154:18:virtual void touchgfx::Screen::handleKeyEvent(uint8_t)	0	static
../../Middlewares/ST/touchgfx/framework/include/touchgfx/TypedText.hpp:65:13:touchgfx::TypedText::~TypedText()	0	static
C:/Users/Julian/git/MEK_Pro/MEK_PRO_2025/TouchGFX/gui/src/start_screen/StartView.cpp:12:6:virtual void StartView::tearDownScreen()	0	static
../../Middlewares/ST/touchgfx/framework/include/touchgfx/TypedText.hpp:65:13:virtual touchgfx::TypedText::~TypedText()	8	static
../../TouchGFX/gui/include/gui/start_screen/StartView.hpp:12:10:StartView::~StartView()	8	static
../../TouchGFX/gui/include/gui/start_screen/StartView.hpp:12:10:virtual StartView::~StartView()	8	static
C:/Users/Julian/git/MEK_Pro/MEK_PRO_2025/TouchGFX/gui/src/start_screen/StartView.cpp:3:1:StartView::StartView()	8	static
C:/Users/Julian/git/MEK_Pro/MEK_PRO_2025/TouchGFX/gui/src/start_screen/StartView.cpp:7:6:virtual void StartView::setupScreen()	0	static
C:/Users/Julian/git/MEK_Pro/MEK_PRO_2025/TouchGFX/gui/src/start_screen/StartView.cpp:19:6:virtual void StartView::Slot_User_ID_Received(uint8_t*)	16	static
C:/Users/Julian/git/MEK_Pro/MEK_PRO_2025/TouchGFX/gui/src/start_screen/StartView.cpp:25:6:virtual void StartView::Slot_status_LogIN()	24	static
C:/Users/Julian/git/MEK_Pro/MEK_PRO_2025/TouchGFX/gui/src/start_screen/StartView.cpp:30:6:virtual void StartView::Slot_status_LogOUT()	24	static
C:/Users/Julian/git/MEK_Pro/MEK_PRO_2025/TouchGFX/gui/src/start_screen/StartView.cpp:36:6:virtual void StartView::Slot_changeLanguage()	8	static
C:/Users/Julian/git/MEK_Pro/MEK_PRO_2025/TouchGFX/gui/src/start_screen/StartView.cpp:45:6:virtual void StartView::Slot_change_Language(uint8_t)	8	static
