../../TouchGFX/gui/include/gui/model/ModelListener.hpp:28:15:virtual void ModelListener::Start_User_ID_Received(uint8_t*)	0	static
../../TouchGFX/gui/include/gui/model/ModelListener.hpp:29:15:virtual void ModelListener::Start_Status_LOGIN_Received()	0	static
../../TouchGFX/gui/include/gui/model/ModelListener.hpp:30:15:virtual void ModelListener::Start_Status_LOGOUT_Received()	0	static
../../TouchGFX/gui/include/gui/model/ModelListener.hpp:31:15:virtual void ModelListener::Start_Change_Language_Received(uint8_t)	0	static
../../TouchGFX/gui/include/gui/wellcome_screen/WellcomePresenter.hpp:31:10:WellcomePresenter::~WellcomePresenter()	0	static
C:/Users/Julian/git/MEK_Pro/MEK_PRO_2025/TouchGFX/gui/src/wellcome_screen/WellcomePresenter.cpp:10:6:virtual void WellcomePresenter::activate()	0	static
C:/Users/Julian/git/MEK_Pro/MEK_PRO_2025/TouchGFX/gui/src/wellcome_screen/WellcomePresenter.cpp:23:6:virtual void WellcomePresenter::Wellcome_ChangeWindow_Received(uint8_t)	0	static
C:/Users/Julian/git/MEK_Pro/MEK_PRO_2025/TouchGFX/gui/src/wellcome_screen/WellcomePresenter.cpp:28:6:virtual void WellcomePresenter::Wellcome_Change_Language_Received(uint8_t)	0	static
../../TouchGFX/gui/include/gui/wellcome_screen/WellcomePresenter.hpp:31:10:virtual WellcomePresenter::~WellcomePresenter()	8	static
../../TouchGFX/gui/include/gui/wellcome_screen/WellcomePresenter.hpp:31:10:virtual void* WellcomePresenter::_ZThn4_N17WellcomePresenterD1Ev()	0	static
C:/Users/Julian/git/MEK_Pro/MEK_PRO_2025/TouchGFX/gui/src/wellcome_screen/WellcomePresenter.cpp:4:1:WellcomePresenter::WellcomePresenter(WellcomeView&)	8	static
