../../Middlewares/ST/touchgfx/framework/include/touchgfx/Screen.hpp:104:18:virtual void touchgfx::Screen::afterTransition()	0	static
../../Middlewares/ST/touchgfx/framework/include/touchgfx/Screen.hpp:144:18:virtual void touchgfx::Screen::handleTickEvent()	0	static
../../Middlewares/ST/touchgfx/framework/include/touchgfx/Screen.hpp:154:18:virtual void touchgfx::Screen::handleKeyEvent(uint8_t)	0	static
C:/Users/Julian/git/MEK_Pro/MEK_PRO_2025/TouchGFX/gui/src/wellcome_screen/WellcomeView.cpp:11:6:virtual void WellcomeView::tearDownScreen()	0	static
C:/Users/Julian/git/MEK_Pro/MEK_PRO_2025/TouchGFX/gui/src/wellcome_screen/WellcomeView.cpp:16:6:virtual void WellcomeView::Slot_ChangeWindow_Received()	8	static
../../TouchGFX/gui/include/gui/wellcome_screen/WellcomeView.hpp:11:13:WellcomeView::~WellcomeView()	8	static
../../TouchGFX/gui/include/gui/wellcome_screen/WellcomeView.hpp:11:13:virtual WellcomeView::~WellcomeView()	8	static
C:/Users/Julian/git/MEK_Pro/MEK_PRO_2025/TouchGFX/gui/src/wellcome_screen/WellcomeView.cpp:3:1:WellcomeView::WellcomeView()	8	static
C:/Users/Julian/git/MEK_Pro/MEK_PRO_2025/TouchGFX/gui/src/wellcome_screen/WellcomeView.cpp:7:6:virtual void WellcomeView::setupScreen()	0	static
C:/Users/Julian/git/MEK_Pro/MEK_PRO_2025/TouchGFX/gui/src/wellcome_screen/WellcomeView.cpp:22:6:virtual void WellcomeView::Slot_change_Language(uint8_t)	8	static
