MainScreenPresenter.hpp:28:10:MainScreenPresenter::~MainScreenPresenter()	0	static
MainScreenPresenter.cpp:10:6:virtual void MainScreenPresenter::activate()	0	static
MainScreenPresenter.hpp:28:10:virtual MainScreenPresenter::~MainScreenPresenter()	8	static
MainScreenPresenter.cpp:20:6:virtual void MainScreenPresenter::sensorEvent(Model::SensorConnectionStates)	0	static
MainScreenPresenter.cpp:31:6:virtual void MainScreenPresenter::setTemperature(int32_t)	0	static
MainScreenPresenter.cpp:37:6:virtual void MainScreenPresenter::setHumidity(int32_t)	0	static
MainScreenPresenter.hpp:28:10:virtual void* MainScreenPresenter::_ZThn4_N19MainScreenPresenterD1Ev()	0	static
MainScreenPresenter.cpp:4:1:MainScreenPresenter::MainScreenPresenter(MainScreenView&)	8	static
MainScreenPresenter.cpp:43:6:void MainScreenPresenter::updateBacklight(uint8_t)	0	static
MainScreenPresenter.cpp:49:6:void MainScreenPresenter::updateSensorState()	0	static
