Screen.hpp:104:18:virtual void touchgfx::Screen::afterTransition()	0	static
Screen.hpp:144:18:virtual void touchgfx::Screen::handleTickEvent()	0	static
Screen.hpp:154:18:virtual void touchgfx::Screen::handleKeyEvent(uint8_t)	0	static
WellcomeView.cpp:11:6:virtual void WellcomeView::tearDownScreen()	0	static
WellcomeView.cpp:16:6:virtual void WellcomeView::Slot_ChangeWindow_Received()	8	static
WellcomeView.hpp:11:13:WellcomeView::~WellcomeView()	8	static
WellcomeView.hpp:11:13:virtual WellcomeView::~WellcomeView()	8	static
WellcomeView.cpp:3:1:WellcomeView::WellcomeView()	8	static
WellcomeView.cpp:7:6:virtual void WellcomeView::setupScreen()	0	static
WellcomeView.cpp:22:6:virtual void WellcomeView::Slot_change_Language(uint8_t)	8	static
