Screen.hpp:104:18:virtual void touchgfx::Screen::afterTransition()	0	static
Screen.hpp:144:18:virtual void touchgfx::Screen::handleTickEvent()	0	static
Screen.hpp:154:18:virtual void touchgfx::Screen::handleKeyEvent(uint8_t)	0	static
WellcomeView.cpp:12:6:virtual void WellcomeView::tearDownScreen()	0	static
WellcomeView.cpp:18:6:virtual void WellcomeView::btn_StartControl_clicked()	0	static
WellcomeView.hpp:11:13:WellcomeView::~WellcomeView()	8	static
WellcomeView.hpp:11:13:virtual WellcomeView::~WellcomeView()	8	static
WellcomeView.cpp:3:1:WellcomeView::WellcomeView()	8	static
WellcomeView.cpp:8:6:virtual void WellcomeView::setupScreen()	0	static
WellcomeView.cpp:23:6:virtual void WellcomeView::Slot_status_LogginOut_Changed(bool)	0	static
WellcomeView.cpp:31:6:virtual void WellcomeView::Slot_LogIn_Time_Changed(int, int, int)	0	static
