ModelListener.hpp:19:15:virtual void ModelListener::Wellcome_ChangeWindow_Received(uint8_t)	0	static
ModelListener.hpp:20:15:virtual void ModelListener::Wellcome_Change_Language_Received(uint8_t)	0	static
ModelListener.hpp:26:15:virtual void ModelListener::Start_User_ID_Received(uint8_t*)	0	static
ModelListener.hpp:27:15:virtual void ModelListener::Start_Status_LOGIN_Received()	0	static
ModelListener.hpp:28:15:virtual void ModelListener::Start_Status_LOGOUT_Received()	0	static
ModelListener.hpp:29:15:virtual void ModelListener::Start_Change_Language_Received(uint8_t)	0	static
WellcomePresenter.hpp:31:10:WellcomePresenter::~WellcomePresenter()	0	static
WellcomePresenter.cpp:9:6:virtual void WellcomePresenter::activate()	0	static
WellcomePresenter.hpp:31:10:virtual WellcomePresenter::~WellcomePresenter()	8	static
WellcomePresenter.hpp:31:10:virtual void* WellcomePresenter::_ZThn4_N17WellcomePresenterD1Ev()	0	static
WellcomePresenter.cpp:4:1:WellcomePresenter::WellcomePresenter(WellcomeView&)	8	static
