Application.hpp:72:18:virtual void touchgfx::Application::changeToStartScreen()	0	static
Application.hpp:91:18:virtual void touchgfx::Application::appSwitchScreen(uint8_t)	0	static
Application.hpp:104:18:virtual void touchgfx::Application::requestRedraw(touchgfx::Rect&)	0	static
Transition.hpp:72:18:virtual void touchgfx::Transition::tearDown()	0	static
Transition.hpp:80:18:virtual void touchgfx::Transition::init()	0	static
Transition.hpp:100:18:virtual void touchgfx::Transition::setScreenContainer(touchgfx::Container&)	0	static
MVPApplication.hpp:43:7:touchgfx::MVPApplication::~MVPApplication()	0	static
FrontendApplicationBase.hpp:16:13:FrontendApplicationBase::~FrontendApplicationBase()	0	static
FrontendApplicationBase.hpp:18:18:virtual void FrontendApplicationBase::changeToStartScreen()	0	static
NoTransition.hpp:35:18:virtual void touchgfx::NoTransition::handleTickEvent()	0	static
SlideTransition.hpp:39:7:touchgfx::SlideTransition<(touchgfx::Direction)3>::~SlideTransition()	0	static
SlideTransition.hpp:39:7:touchgfx::SlideTransition<(touchgfx::Direction)2>::~SlideTransition()	0	static
NoTransition.hpp:31:7:touchgfx::NoTransition::~NoTransition()	0	static
Callback.hpp:424:8:touchgfx::Callback<FrontendApplicationBase>::~Callback()	0	static
Callback.hpp:449:18:void touchgfx::Callback<dest_type, void, void, void>::execute() [with dest_type = FrontendApplicationBase]	4	static
Callback.hpp:459:18:bool touchgfx::Callback<dest_type, void, void, void>::isValid() const [with dest_type = FrontendApplicationBase]	0	static
MVPApplication.hpp:43:7:virtual touchgfx::MVPApplication::~MVPApplication()	8	static
NoTransition.hpp:31:7:virtual touchgfx::NoTransition::~NoTransition()	8	static
FrontendApplicationBase.hpp:16:13:virtual FrontendApplicationBase::~FrontendApplicationBase()	8	static
Callback.hpp:424:8:virtual touchgfx::Callback<FrontendApplicationBase>::~Callback()	8	static
SlideTransition.hpp:39:7:virtual touchgfx::SlideTransition<(touchgfx::Direction)3>::~SlideTransition()	8	static
SlideTransition.hpp:39:7:virtual touchgfx::SlideTransition<(touchgfx::Direction)2>::~SlideTransition()	8	static
Transition.hpp:89:18:virtual void touchgfx::Transition::invalidate()	8	static
SlideTransition.hpp:87:18:void touchgfx::SlideTransition<templateDirection>::handleTickEvent() [with touchgfx::Direction templateDirection = (touchgfx::Direction)3]	16	static
SlideTransition.hpp:87:18:void touchgfx::SlideTransition<templateDirection>::handleTickEvent() [with touchgfx::Direction templateDirection = (touchgfx::Direction)2]	16	static
SlideTransition.hpp:146:18:void touchgfx::SlideTransition<templateDirection>::tearDown() [with touchgfx::Direction templateDirection = (touchgfx::Direction)3]	0	static
SlideTransition.hpp:146:18:void touchgfx::SlideTransition<templateDirection>::tearDown() [with touchgfx::Direction templateDirection = (touchgfx::Direction)2]	0	static
SlideTransition.hpp:154:18:void touchgfx::SlideTransition<templateDirection>::init() [with touchgfx::Direction templateDirection = (touchgfx::Direction)3]	16	static
SlideTransition.hpp:154:18:void touchgfx::SlideTransition<templateDirection>::init() [with touchgfx::Direction templateDirection = (touchgfx::Direction)2]	16	static
MVPApplication.hpp:59:18:virtual void touchgfx::MVPApplication::handlePendingScreenTransition()	8	static
Drawable.hpp:413:10:void touchgfx::Drawable::setWidthHeight(int16_t, int16_t)	16	static
HAL.hpp:268:17:static touchgfx::LCD& touchgfx::HAL::lcd()	0	static
FrontendApplicationBase.cpp:21:1:FrontendApplicationBase::FrontendApplicationBase(Model&, FrontendHeap&)	24	static
FrontendApplicationBase.cpp:39:6:void FrontendApplicationBase::gotoStartupScreenScreenNoTransition()	0	static
FrontendApplicationBase.cpp:52:6:void FrontendApplicationBase::gotoMainScreenScreenSlideTransitionEast()	0	static
FrontendApplicationBase.cpp:63:6:void FrontendApplicationBase::gotoMainScreenScreenSlideTransitionWest()	0	static
FrontendApplicationBase.cpp:76:6:void FrontendApplicationBase::gotoGraphScreenScreenSlideTransitionEast()	0	static
MVPApplication.hpp:161:16:PresenterType* touchgfx::makeTransition(touchgfx::Screen**, touchgfx::Presenter**, touchgfx::MVPHeap&, touchgfx::Transition**, ModelType*) [with ScreenType = StartupScreenView; PresenterType = StartupScreenPresenter; TransType = touchgfx::NoTransition; ModelType = Model]	32	static
FrontendApplicationBase.cpp:45:6:void FrontendApplicationBase::gotoStartupScreenScreenNoTransitionImpl()	16	static
MVPApplication.hpp:161:16:PresenterType* touchgfx::makeTransition(touchgfx::Screen**, touchgfx::Presenter**, touchgfx::MVPHeap&, touchgfx::Transition**, ModelType*) [with ScreenType = MainScreenView; PresenterType = MainScreenPresenter; TransType = touchgfx::SlideTransition<(touchgfx::Direction)3>; ModelType = Model]	40	static
FrontendApplicationBase.cpp:69:6:void FrontendApplicationBase::gotoMainScreenScreenSlideTransitionWestImpl()	16	static
SlideTransition.hpp:47:5:touchgfx::SlideTransition<templateDirection>::SlideTransition(uint8_t) [with touchgfx::Direction templateDirection = (touchgfx::Direction)2]	24	static
MVPApplication.hpp:161:16:PresenterType* touchgfx::makeTransition(touchgfx::Screen**, touchgfx::Presenter**, touchgfx::MVPHeap&, touchgfx::Transition**, ModelType*) [with ScreenType = MainScreenView; PresenterType = MainScreenPresenter; TransType = touchgfx::SlideTransition<(touchgfx::Direction)2>; ModelType = Model]	32	static
FrontendApplicationBase.cpp:58:6:void FrontendApplicationBase::gotoMainScreenScreenSlideTransitionEastImpl()	16	static
MVPApplication.hpp:161:16:PresenterType* touchgfx::makeTransition(touchgfx::Screen**, touchgfx::Presenter**, touchgfx::MVPHeap&, touchgfx::Transition**, ModelType*) [with ScreenType = GraphScreenView; PresenterType = GraphScreenPresenter; TransType = touchgfx::SlideTransition<(touchgfx::Direction)2>; ModelType = Model]	32	static
FrontendApplicationBase.cpp:82:6:void FrontendApplicationBase::gotoGraphScreenScreenSlideTransitionEastImpl()	16	static
