Application.hpp:72:18:virtual void touchgfx::Application::changeToStartScreen()	0	static
Application.hpp:91:18:virtual void touchgfx::Application::appSwitchScreen(uint8_t)	0	static
Application.hpp:104:18:virtual void touchgfx::Application::requestRedraw(touchgfx::Rect&)	0	static
Transition.hpp:72:18:virtual void touchgfx::Transition::tearDown()	0	static
Transition.hpp:80:18:virtual void touchgfx::Transition::init()	0	static
Transition.hpp:100:18:virtual void touchgfx::Transition::setScreenContainer(touchgfx::Container&)	0	static
MVPApplication.hpp:43:7:touchgfx::MVPApplication::~MVPApplication()	0	static
FrontendApplicationBase.hpp:16:13:FrontendApplicationBase::~FrontendApplicationBase()	0	static
FrontendApplicationBase.hpp:18:18:virtual void FrontendApplicationBase::changeToStartScreen()	0	static
NoTransition.hpp:35:18:virtual void touchgfx::NoTransition::handleTickEvent()	0	static
SlideTransition.hpp:39:7:touchgfx::SlideTransition<(touchgfx::Direction)3>::~SlideTransition()	0	static
SlideTransition.hpp:39:7:touchgfx::SlideTransition<(touchgfx::Direction)2>::~SlideTransition()	0	static
NoTransition.hpp:31:7:touchgfx::NoTransition::~NoTransition()	0	static
Callback.hpp:424:8:touchgfx::Callback<FrontendApplicationBase>::~Callback()	0	static
Callback.hpp:449:18:void touchgfx::Callback<dest_type, void, void, void>::execute() [with dest_type = FrontendApplicationBase]	4	static
Callback.hpp:459:18:bool touchgfx::Callback<dest_type, void, void, void>::isValid() const [with dest_type = FrontendApplicationBase]	0	static
MVPApplication.hpp:43:7:virtual touchgfx::MVPApplication::~MVPApplication()	8	static
NoTransition.hpp:31:7:virtual touchgfx::NoTransition::~NoTransition()	8	static
FrontendApplicationBase.hpp:16:13:virtual FrontendApplicationBase::~FrontendApplicationBase()	8	static
Callback.hpp:424:8:virtual touchgfx::Callback<FrontendApplicationBase>::~Callback()	8	static
SlideTransition.hpp:39:7:virtual touchgfx::SlideTransition<(touchgfx::Direction)3>::~SlideTransition()	8	static
SlideTransition.hpp:39:7:virtual touchgfx::SlideTransition<(touchgfx::Direction)2>::~SlideTransition()	8	static
Transition.hpp:89:18:virtual void touchgfx::Transition::invalidate()	8	static
SlideTransition.hpp:87:18:void touchgfx::SlideTransition<templateDirection>::handleTickEvent() [with touchgfx::Direction templateDirection = (touchgfx::Direction)3]	16	static
SlideTransition.hpp:87:18:void touchgfx::SlideTransition<templateDirection>::handleTickEvent() [with touchgfx::Direction templateDirection = (touchgfx::Direction)2]	16	static
SlideTransition.hpp:146:18:void touchgfx::SlideTransition<templateDirection>::tearDown() [with touchgfx::Direction templateDirection = (touchgfx::Direction)3]	0	static
SlideTransition.hpp:146:18:void touchgfx::SlideTransition<templateDirection>::tearDown() [with touchgfx::Direction templateDirection = (touchgfx::Direction)2]	0	static
SlideTransition.hpp:154:18:void touchgfx::SlideTransition<templateDirection>::init() [with touchgfx::Direction templateDirection = (touchgfx::Direction)3]	16	static
SlideTransition.hpp:154:18:void touchgfx::SlideTransition<templateDirection>::init() [with touchgfx::Direction templateDirection = (touchgfx::Direction)2]	16	static
MVPApplication.hpp:59:18:virtual void touchgfx::MVPApplication::handlePendingScreenTransition()	8	static
Drawable.hpp:413:10:void touchgfx::Drawable::setWidthHeight(int16_t, int16_t)	16	static
HAL.hpp:268:17:static touchgfx::LCD& touchgfx::HAL::lcd()	0	static
FrontendApplicationBase.cpp:25:1:FrontendApplicationBase::FrontendApplicationBase(Model&, FrontendHeap&)	24	static
FrontendApplicationBase.cpp:43:6:void FrontendApplicationBase::gotoStartScreenSlideTransitionEast()	0	static
FrontendApplicationBase.cpp:54:6:void FrontendApplicationBase::gotoStartScreenSlideTransitionWest()	0	static
FrontendApplicationBase.cpp:67:6:void FrontendApplicationBase::gotoWellcomeScreenNoTransition()	0	static
FrontendApplicationBase.cpp:78:6:void FrontendApplicationBase::gotoWellcomeScreenSlideTransitionEast()	0	static
FrontendApplicationBase.cpp:91:6:void FrontendApplicationBase::gotoVehicleScreenSlideTransitionEast()	0	static
FrontendApplicationBase.cpp:104:6:void FrontendApplicationBase::gotoVehicleCheckScreenSlideTransitionEast()	0	static
MVPApplication.hpp:161:16:PresenterType* touchgfx::makeTransition(touchgfx::Screen**, touchgfx::Presenter**, touchgfx::MVPHeap&, touchgfx::Transition**, ModelType*) [with ScreenType = StartView; PresenterType = StartPresenter; TransType = touchgfx::SlideTransition<(touchgfx::Direction)3>; ModelType = Model]	40	static
FrontendApplicationBase.cpp:60:6:void FrontendApplicationBase::gotoStartScreenSlideTransitionWestImpl()	16	static
MVPApplication.hpp:161:16:PresenterType* touchgfx::makeTransition(touchgfx::Screen**, touchgfx::Presenter**, touchgfx::MVPHeap&, touchgfx::Transition**, ModelType*) [with ScreenType = WellcomeView; PresenterType = WellcomePresenter; TransType = touchgfx::NoTransition; ModelType = Model]	32	static
FrontendApplicationBase.cpp:73:6:void FrontendApplicationBase::gotoWellcomeScreenNoTransitionImpl()	16	static
AbstractPartition.hpp:135:8:T& touchgfx::AbstractPartition::at(uint16_t) [with T = touchgfx::SlideTransition<(touchgfx::Direction)2>]	0	static
SlideTransition.hpp:47:5:touchgfx::SlideTransition<templateDirection>::SlideTransition(uint8_t) [with touchgfx::Direction templateDirection = (touchgfx::Direction)2]	24	static
MVPApplication.hpp:161:16:PresenterType* touchgfx::makeTransition(touchgfx::Screen**, touchgfx::Presenter**, touchgfx::MVPHeap&, touchgfx::Transition**, ModelType*) [with ScreenType = StartView; PresenterType = StartPresenter; TransType = touchgfx::SlideTransition<(touchgfx::Direction)2>; ModelType = Model]	32	static
FrontendApplicationBase.cpp:49:6:void FrontendApplicationBase::gotoStartScreenSlideTransitionEastImpl()	16	static
MVPApplication.hpp:161:16:PresenterType* touchgfx::makeTransition(touchgfx::Screen**, touchgfx::Presenter**, touchgfx::MVPHeap&, touchgfx::Transition**, ModelType*) [with ScreenType = WellcomeView; PresenterType = WellcomePresenter; TransType = touchgfx::SlideTransition<(touchgfx::Direction)2>; ModelType = Model]	32	static
FrontendApplicationBase.cpp:84:6:void FrontendApplicationBase::gotoWellcomeScreenSlideTransitionEastImpl()	16	static
MVPApplication.hpp:161:16:PresenterType* touchgfx::makeTransition(touchgfx::Screen**, touchgfx::Presenter**, touchgfx::MVPHeap&, touchgfx::Transition**, ModelType*) [with ScreenType = VehicleView; PresenterType = VehiclePresenter; TransType = touchgfx::SlideTransition<(touchgfx::Direction)2>; ModelType = Model]	32	static
FrontendApplicationBase.cpp:97:6:void FrontendApplicationBase::gotoVehicleScreenSlideTransitionEastImpl()	16	static
MVPApplication.hpp:161:16:PresenterType* touchgfx::makeTransition(touchgfx::Screen**, touchgfx::Presenter**, touchgfx::MVPHeap&, touchgfx::Transition**, ModelType*) [with ScreenType = VehicleCheckView; PresenterType = VehicleCheckPresenter; TransType = touchgfx::SlideTransition<(touchgfx::Direction)2>; ModelType = Model]	32	static
FrontendApplicationBase.cpp:110:6:void FrontendApplicationBase::gotoVehicleCheckScreenSlideTransitionEastImpl()	16	static
