Drawable.hpp:121:18:virtual void touchgfx::Drawable::invalidateContent() const	0	static
Drawable.hpp:315:18:virtual void touchgfx::Drawable::setX(int16_t)	0	static
Drawable.hpp:327:18:virtual void touchgfx::Drawable::setY(int16_t)	0	static
Drawable.hpp:356:18:virtual void touchgfx::Drawable::setWidth(int16_t)	0	static
Drawable.hpp:368:18:virtual void touchgfx::Drawable::setHeight(int16_t)	0	static
Drawable.hpp:378:18:virtual void touchgfx::Drawable::childGeometryChanged()	0	static
Drawable.hpp:389:18:virtual void touchgfx::Drawable::handleClickEvent(const touchgfx::ClickEvent&)	0	static
Drawable.hpp:401:18:virtual void touchgfx::Drawable::handleGestureEvent(const touchgfx::GestureEvent&)	0	static
Drawable.hpp:490:18:virtual void touchgfx::Drawable::handleDragEvent(const touchgfx::DragEvent&)	0	static
Drawable.hpp:501:18:virtual void touchgfx::Drawable::handleTickEvent()	0	static
Drawable.hpp:588:18:virtual void touchgfx::Drawable::moveTo(int16_t, int16_t)	4	static
Container.hpp:165:23:virtual touchgfx::Drawable* touchgfx::Container::getFirstChild()	0	static
ButtonsToChangeScreenBase.cpp:55:1:ButtonsToChangeScreenBase::~ButtonsToChangeScreenBase()	0	static
ButtonsToChangeScreenBase.cpp:60:6:virtual void ButtonsToChangeScreenBase::initialize()	0	static
Callback.hpp:357:8:touchgfx::Callback<ButtonsToChangeScreenBase, const touchgfx::AbstractButton&>::~Callback()	0	static
Callback.hpp:386:18:void touchgfx::Callback<dest_type, T1, void, void>::execute(T1) [with dest_type = ButtonsToChangeScreenBase; T1 = const touchgfx::AbstractButton&]	8	static
Callback.hpp:396:18:bool touchgfx::Callback<dest_type, T1, void, void>::isValid() const [with dest_type = ButtonsToChangeScreenBase; T1 = const touchgfx::AbstractButton&]	0	static
Callback.hpp:357:8:virtual touchgfx::Callback<ButtonsToChangeScreenBase, const touchgfx::AbstractButton&>::~Callback()	8	static
ButtonsToChangeScreenBase.cpp:55:1:virtual ButtonsToChangeScreenBase::~ButtonsToChangeScreenBase()	8	static
ButtonsToChangeScreenBase.cpp:65:6:void ButtonsToChangeScreenBase::buttonCallbackHandler(const touchgfx::AbstractButton&)	16	static
Drawable.hpp:343:10:void touchgfx::Drawable::setXY(int16_t, int16_t)	16	static
ButtonWithLabel.hpp:132:10:void touchgfx::ButtonWithLabel::updateTextPosition()	24	static
ButtonsToChangeScreenBase.cpp:9:1:ButtonsToChangeScreenBase::ButtonsToChangeScreenBase()	56	static
