ModelListener.hpp:23:15:virtual void ModelListener::Wellcome_User_ID_Received(char*)	0	static
ModelListener.hpp:29:15:virtual void ModelListener::Start_User_ID_Received(char*)	0	static
ModelListener.hpp:33:15:virtual void ModelListener::Start_Status_LOGIN_OUT_Received(bool)	0	static
ModelListener.hpp:35:15:virtual void ModelListener::Start_wifi_Signal_Changed(uint8_t)	0	static
ModelListener.hpp:37:15:virtual void ModelListener::Start_Bluetooth_Status_Changed(bool)	0	static
VehiclePresenter.hpp:35:13:VehiclePresenter::~VehiclePresenter()	0	static
VehiclePresenter.cpp:9:6:virtual void VehiclePresenter::activate()	0	static
VehiclePresenter.cpp:15:6:virtual void VehiclePresenter::deactivate()	0	static
VehiclePresenter.cpp:24:6:virtual void VehiclePresenter::Can_Send(int)	0	static
VehiclePresenter.hpp:35:13:virtual VehiclePresenter::~VehiclePresenter()	8	static
VehiclePresenter.cpp:19:6:virtual void VehiclePresenter::btn_StartControl_clicked(CANBUS_TX_ID)	0	static
VehiclePresenter.hpp:35:13:virtual void* VehiclePresenter::_ZThn4_N16VehiclePresenterD1Ev()	0	static
VehiclePresenter.cpp:4:1:VehiclePresenter::VehiclePresenter(VehicleView&)	8	static
