Screen.hpp:104:18:virtual void touchgfx::Screen::afterTransition()	0	static
Screen.hpp:144:18:virtual void touchgfx::Screen::handleTickEvent()	0	static
Screen.hpp:154:18:virtual void touchgfx::Screen::handleKeyEvent(uint8_t)	0	static
WorkshopView.cpp:13:6:virtual void WorkshopView::tearDownScreen()	0	static
WorkshopView.hpp:11:13:WorkshopView::~WorkshopView()	8	static
WorkshopView.hpp:11:13:virtual WorkshopView::~WorkshopView()	8	static
WorkshopView.cpp:3:1:WorkshopView::WorkshopView()	8	static
WorkshopView.cpp:8:6:virtual void WorkshopView::setupScreen()	0	static
