C:/Users/Julian/git/MEK_Pro/MEK_PRO_2025/Drivers/Vendor/Driver/edt_bsp_io.c:44:6:EDT_GPIO_Mode	40	static
C:/Users/Julian/git/MEK_Pro/MEK_PRO_2025/Drivers/Vendor/Driver/edt_bsp_io.c:65:6:EDT_GPIO_Write	0	static
C:/Users/Julian/git/MEK_Pro/MEK_PRO_2025/Drivers/Vendor/Driver/edt_bsp_io.c:74:15:EDT_GPIO_Read	0	static
C:/Users/Julian/git/MEK_Pro/MEK_PRO_2025/Drivers/Vendor/Driver/edt_bsp_io.c:79:10:EDT_GPIO_ReadALL	8	static
C:/Users/Julian/git/MEK_Pro/MEK_PRO_2025/Drivers/Vendor/Driver/edt_bsp_io.c:124:6:EDT_LED_Init	0	static
C:/Users/Julian/git/MEK_Pro/MEK_PRO_2025/Drivers/Vendor/Driver/edt_bsp_io.c:140:6:EDT_LED_DeInit	0	static
C:/Users/Julian/git/MEK_Pro/MEK_PRO_2025/Drivers/Vendor/Driver/edt_bsp_io.c:156:6:EDT_LED_On	0	static
C:/Users/Julian/git/MEK_Pro/MEK_PRO_2025/Drivers/Vendor/Driver/edt_bsp_io.c:169:6:EDT_LED_Off	0	static
C:/Users/Julian/git/MEK_Pro/MEK_PRO_2025/Drivers/Vendor/Driver/edt_bsp_io.c:182:6:EDT_LED_Toggle	0	static
