../../TouchGFX/target/STM32TouchController.hpp:36:7:STM32TouchController::~STM32TouchController()	0	static
C:/Users/Julian/git/MEK_Pro/MEK_PRO_2025/TouchGFX/target/STM32TouchController.cpp:29:6:virtual void STM32TouchController::init()	16	static
C:/Users/Julian/git/MEK_Pro/MEK_PRO_2025/TouchGFX/target/STM32TouchController.cpp:37:6:virtual bool STM32TouchController::sampleTouch(int32_t&, int32_t&)	64	static
../../TouchGFX/target/STM32TouchController.hpp:36:7:virtual STM32TouchController::~STM32TouchController()	8	static
