ModelListener.hpp:20:15:virtual void ModelListener::Login_User_ID_Changed(char*)	0	static
ModelListener.hpp:22:15:virtual void ModelListener::Login_LogIn_Time_Changed(int, int, int)	0	static
ModelListener.hpp:24:15:virtual void ModelListener::Login_Status_LOGIN_OUT_Changed(bool)	0	static
ModelListener.hpp:29:15:virtual void ModelListener::Wellcome_LogIn_Time_Changed(int, int, int)	0	static
ModelListener.hpp:31:15:virtual void ModelListener::Wellcome_Status_LOGIN_OUT_Changed(bool)	0	static
ModelListener.hpp:37:15:virtual void ModelListener::Vehicle_LogIn_Time_Changed(int, int, int)	0	static
ModelListener.hpp:39:15:virtual void ModelListener::Vehicle_Status_LOGIN_OUT_Changed(bool)	0	static
ModelListener.hpp:45:15:virtual void ModelListener::Start_User_ID_Changed(char*)	0	static
ModelListener.hpp:59:15:virtual void ModelListener::Status_Status_LOGIN_OUT_Changed(bool)	0	static
StartPresenter.hpp:99:10:StartPresenter::~StartPresenter()	0	static
StartPresenter.cpp:9:6:virtual void StartPresenter::activate()	8	static
StartPresenter.cpp:24:6:virtual void StartPresenter::deactivate()	0	static
StartPresenter.cpp:29:6:virtual void StartPresenter::Start_User_ID_Received(char*)	0	static
StartPresenter.cpp:33:6:virtual void StartPresenter::Start_Status_LOGIN_OUT_Changed(bool)	0	static
StartPresenter.cpp:37:6:virtual void StartPresenter::Start_wifi_Signal_Changed(uint8_t)	0	static
StartPresenter.cpp:40:6:virtual void StartPresenter::Start_Bluetooth_Status_Changed(bool)	0	static
StartPresenter.cpp:44:6:virtual void StartPresenter::Start_LogIn_Time_Changed(int, int, int)	4	static
StartPresenter.hpp:99:10:virtual StartPresenter::~StartPresenter()	8	static
StartPresenter.hpp:99:10:virtual void* StartPresenter::_ZThn4_N14StartPresenterD1Ev()	0	static
StartPresenter.cpp:4:1:StartPresenter::StartPresenter(StartView&)	8	static
