Screen.hpp:104:18:virtual void touchgfx::Screen::afterTransition()	0	static
Screen.hpp:144:18:virtual void touchgfx::Screen::handleTickEvent()	0	static
Screen.hpp:154:18:virtual void touchgfx::Screen::handleKeyEvent(uint8_t)	0	static
StartView.cpp:42:6:virtual void StartView::tearDownScreen()	0	static
StartView.hpp:10:10:StartView::~StartView()	8	static
StartView.hpp:10:10:virtual StartView::~StartView()	8	static
StartView.cpp:3:1:StartView::StartView()	8	static
StartView.cpp:16:6:virtual void StartView::setupScreen()	0	static
StartView.cpp:53:6:virtual void StartView::Slot_User_ID_Received(char*)	8	static
StartView.cpp:64:6:virtual void StartView::Slot_wifi_Signal_Changed(uint8_t)	0	static
StartView.cpp:68:6:virtual void StartView::Slot_Bluetooth_Status_Changed(bool)	0	static
StartView.cpp:72:6:virtual void StartView::Slot_status_LogginOut_Changed(bool)	0	static
StartView.cpp:90:6:virtual void StartView::Slot_LogIn_Time_Changed(int, int, int)	0	static
