Drawable.hpp:121:18:virtual void touchgfx::Drawable::invalidateContent() const	0	static
Drawable.hpp:315:18:virtual void touchgfx::Drawable::setX(int16_t)	0	static
Drawable.hpp:327:18:virtual void touchgfx::Drawable::setY(int16_t)	0	static
Drawable.hpp:356:18:virtual void touchgfx::Drawable::setWidth(int16_t)	0	static
Drawable.hpp:368:18:virtual void touchgfx::Drawable::setHeight(int16_t)	0	static
Drawable.hpp:378:18:virtual void touchgfx::Drawable::childGeometryChanged()	0	static
Drawable.hpp:389:18:virtual void touchgfx::Drawable::handleClickEvent(const touchgfx::ClickEvent&)	0	static
Drawable.hpp:401:18:virtual void touchgfx::Drawable::handleGestureEvent(const touchgfx::GestureEvent&)	0	static
Drawable.hpp:490:18:virtual void touchgfx::Drawable::handleDragEvent(const touchgfx::DragEvent&)	0	static
Drawable.hpp:501:18:virtual void touchgfx::Drawable::handleTickEvent()	0	static
Drawable.hpp:588:18:virtual void touchgfx::Drawable::moveTo(int16_t, int16_t)	4	static
Container.hpp:165:23:virtual touchgfx::Drawable* touchgfx::Container::getFirstChild()	0	static
TopMenu.cpp:13:6:virtual void TopMenu::Slot_Wifi_Signal_Changed(uint8_t)	0	static
TopMenu.cpp:36:6:virtual void TopMenu::Slot_Bluetooth_Status_Changed(bool)	0	static
TopMenu.cpp:46:6:virtual void TopMenu::Slot_logInOut_Changed(bool)	0	static
TopMenu.hpp:15:10:TopMenu::~TopMenu()	8	static
TopMenu.hpp:15:10:virtual TopMenu::~TopMenu()	8	static
TopMenu.cpp:3:1:TopMenu::TopMenu()	8	static
TopMenu.cpp:7:6:virtual void TopMenu::initialize()	0	static
